Java HotSpot(TM) 64-Bit Server VM (25.271-b09) for bsd-amd64 JRE (1.8.0_271-b09), built on Sep 16 2020 16:54:38 by "java_re" with gcc 4.2.1 Compatible Apple LLVM 10.0.0 (clang-1000.11.45.5)
Memory: 4k page, physical 16777216k(193160k free)

/proc/meminfo:

CommandLine flags: -XX:InitialHeapSize=536870912 -XX:MaxHeapSize=536870912 -XX:+PrintGC -XX:+PrintGCDateStamps -XX:+PrintGCDetails -XX:+PrintGCTimeStamps -XX:+UseCompressedClassPointers -XX:+UseCompressedOops -XX:+UseSerialGC 
2020-10-28T15:57:56.710-0800: 0.482: [GC (Allocation Failure) 2020-10-28T15:57:56.711-0800: 0.482: [DefNew: 139634K->17472K(157248K), 0.0490781 secs] 139634K->44256K(506816K), 0.0492264 secs] [Times: user=0.02 sys=0.02, real=0.05 secs] 
2020-10-28T15:57:56.793-0800: 0.565: [GC (Allocation Failure) 2020-10-28T15:57:56.793-0800: 0.565: [DefNew: 157248K->17471K(157248K), 0.0500298 secs] 184032K->87938K(506816K), 0.0501320 secs] [Times: user=0.03 sys=0.02, real=0.05 secs] 
2020-10-28T15:57:56.867-0800: 0.639: [GC (Allocation Failure) 2020-10-28T15:57:56.867-0800: 0.639: [DefNew: 157203K->17472K(157248K), 0.0380718 secs] 227669K->128682K(506816K), 0.0381762 secs] [Times: user=0.02 sys=0.02, real=0.04 secs] 
2020-10-28T15:57:56.929-0800: 0.701: [GC (Allocation Failure) 2020-10-28T15:57:56.929-0800: 0.701: [DefNew: 157248K->17469K(157248K), 0.0408609 secs] 268458K->176976K(506816K), 0.0409632 secs] [Times: user=0.02 sys=0.01, real=0.05 secs] 
2020-10-28T15:57:56.992-0800: 0.764: [GC (Allocation Failure) 2020-10-28T15:57:56.993-0800: 0.764: [DefNew: 157245K->17468K(157248K), 0.0394604 secs] 316752K->224801K(506816K), 0.0395716 secs] [Times: user=0.02 sys=0.01, real=0.04 secs] 
2020-10-28T15:57:57.054-0800: 0.826: [GC (Allocation Failure) 2020-10-28T15:57:57.054-0800: 0.826: [DefNew: 157244K->17471K(157248K), 0.0405025 secs] 364577K->273876K(506816K), 0.0406403 secs] [Times: user=0.02 sys=0.02, real=0.04 secs] 
2020-10-28T15:57:57.115-0800: 0.887: [GC (Allocation Failure) 2020-10-28T15:57:57.115-0800: 0.887: [DefNew: 157247K->17471K(157248K), 0.0353360 secs] 413652K->317248K(506816K), 0.0354393 secs] [Times: user=0.02 sys=0.01, real=0.04 secs] 
2020-10-28T15:57:57.169-0800: 0.941: [GC (Allocation Failure) 2020-10-28T15:57:57.169-0800: 0.941: [DefNew: 157247K->157247K(157248K), 0.0000226 secs]2020-10-28T15:57:57.169-0800: 0.941: [Tenured: 299777K->272308K(349568K), 0.0645153 secs] 457024K->272308K(506816K), [Metaspace: 2725K->2725K(1056768K)], 0.0646821 secs] [Times: user=0.06 sys=0.01, real=0.07 secs] 
2020-10-28T15:57:57.256-0800: 1.028: [GC (Allocation Failure) 2020-10-28T15:57:57.256-0800: 1.028: [DefNew: 139750K->17470K(157248K), 0.0081116 secs] 412059K->318544K(506816K), 0.0082375 secs] [Times: user=0.01 sys=0.00, real=0.01 secs] 
2020-10-28T15:57:57.285-0800: 1.057: [GC (Allocation Failure) 2020-10-28T15:57:57.285-0800: 1.057: [DefNew: 156775K->156775K(157248K), 0.0000215 secs]2020-10-28T15:57:57.285-0800: 1.057: [Tenured: 301073K->297520K(349568K), 0.0456024 secs] 457849K->297520K(506816K), [Metaspace: 2725K->2725K(1056768K)], 0.0457750 secs] [Times: user=0.04 sys=0.00, real=0.05 secs] 
2020-10-28T15:57:57.353-0800: 1.125: [GC (Allocation Failure) 2020-10-28T15:57:57.353-0800: 1.125: [DefNew: 139776K->17472K(157248K), 0.0252284 secs] 437296K->345650K(506816K), 0.0253364 secs] [Times: user=0.01 sys=0.01, real=0.02 secs] 
2020-10-28T15:57:57.399-0800: 1.171: [GC (Allocation Failure) 2020-10-28T15:57:57.399-0800: 1.171: [DefNew: 157248K->157248K(157248K), 0.0000218 secs]2020-10-28T15:57:57.399-0800: 1.171: [Tenured: 328178K->321380K(349568K), 0.0530974 secs] 485426K->321380K(506816K), [Metaspace: 2725K->2725K(1056768K)], 0.0532461 secs] [Times: user=0.05 sys=0.00, real=0.06 secs] 
2020-10-28T15:57:57.475-0800: 1.247: [GC (Allocation Failure) 2020-10-28T15:57:57.475-0800: 1.247: [DefNew: 139776K->139776K(157248K), 0.0000237 secs]2020-10-28T15:57:57.475-0800: 1.247: [Tenured: 321380K->312426K(349568K), 0.0542658 secs] 461156K->312426K(506816K), [Metaspace: 2725K->2725K(1056768K)], 0.0544342 secs] [Times: user=0.05 sys=0.00, real=0.05 secs] 
Heap
 def new generation   total 157248K, used 5709K [0x00000007a0000000, 0x00000007aaaa0000, 0x00000007aaaa0000)
  eden space 139776K,   4% used [0x00000007a0000000, 0x00000007a05934c8, 0x00000007a8880000)
  from space 17472K,   0% used [0x00000007a9990000, 0x00000007a9990000, 0x00000007aaaa0000)
  to   space 17472K,   0% used [0x00000007a8880000, 0x00000007a8880000, 0x00000007a9990000)
 tenured generation   total 349568K, used 312426K [0x00000007aaaa0000, 0x00000007c0000000, 0x00000007c0000000)
   the space 349568K,  89% used [0x00000007aaaa0000, 0x00000007bdbba800, 0x00000007bdbba800, 0x00000007c0000000)
 Metaspace       used 2732K, capacity 4486K, committed 4864K, reserved 1056768K
  class space    used 296K, capacity 386K, committed 512K, reserved 1048576K
